[main 4085529] Auto update 2026-05-26 08:16:01
 1 file changed, 1 insertion(+), 1 deletion(-)
To https://github.com/Daottuan/lunar_vn.git
   0be5c63..4085529  main -> main
[main 5c85418] Auto update 2026-05-26 23:26:01
 1 file changed, 2 insertions(+), 2 deletions(-)
To https://github.com/Daottuan/lunar_vn.git
   4085529..5c85418  main -> main
[main c5b4af9] Auto update 2026-05-26 23:48:01
 1 file changed, 1 insertion(+), 1 deletion(-)
To https://github.com/Daottuan/lunar_vn.git
   5c85418..c5b4af9  main -> main
[main 929e7b6] Auto update 2026-05-27 00:02:01
 1 file changed, 403 insertions(+), 403 deletions(-)
To https://github.com/Daottuan/lunar_vn.git
   c5b4af9..929e7b6  main -> main
[main 19ab340] Auto update 2026-05-27 09:38:01
 5 files changed, 121 insertions(+), 4 deletions(-)
 create mode 100644 sync.log
 create mode 100644 ystemctl | grep lunar
To https://github.com/Daottuan/lunar_vn.git
   929e7b6..19ab340  main -> main
